<?xml version="1.0" encoding="UTF-8"?>
<testsuites name="Mocha Tests" time="4.835" tests="5" failures="0">
  <testsuite name="Root Suite" timestamp="2018-12-24T16:26:30" tests="0" failures="0" time="0">
  </testsuite>
  <testsuite name="Home" timestamp="2018-12-24T16:26:30" tests="5" failures="0" time="4.835">
    <testcase name="Home navigation renders" time="1.819" classname="navigation renders">
    </testcase>
    <testcase name="Home footer renders" time="0.56" classname="footer renders">
    </testcase>
    <testcase name="Home link on project item works" time="0.981" classname="link on project item works">
    </testcase>
    <testcase name="Home link to first nav item works" time="0.635" classname="link to first nav item works">
    </testcase>
    <testcase name="Home title links to homepage" time="0.84" classname="title links to homepage">
    </testcase>
  </testsuite>
</testsuites>